ESP-ROM:esp32s3-20210327
Build:Mar 27 2021
rst:0x1 (POWERON),boot:0x2a (SPI_FAST_FLASH_BOOT)
SPIWP:0xee
mode:DIO, clock div:2
load:0x3fce2810,len:0x1194
load:0x403c8700,len:0x4
load:0x403c8704,len:0xce0
load:0x403cb700,len:0x2d5c
entry 0x403c8910
[0;32mI (29) boot: ESP-IDF v5.4.3-904-gacd7b505de 2nd stage bootloader[0m
[0;32mI (29) boot: compile time Mar 30 2026 00:12:56[0m
[0;32mI (29) boot: Multicore bootloader[0m
[0;32mI (30) boot: chip revision: v0.2[0m
[0;32mI (33) boot: efuse block revision: v1.3[0m
[0;32mI (37) boot.esp32s3: Boot SPI Speed : 40MHz[0m
[0;32mI (41) boot.esp32s3: SPI Mode       : DIO[0m
[0;32mI (44) boot.esp32s3: SPI Flash Size : 16MB[0m
[0;32mI (48) boot: Enabling RNG early entropy source...[0m
[0;32mI (53) boot: Partition Table:[0m
[0;32mI (55) boot: ## Label            Usage          Type ST Offset   Length[0m
[0;32mI (62) boot:  0 nvs              WiFi data        01 02 00009000 00006000[0m
[0;32mI (68) boot:  1 otadata          OTA data         01 00 0000f000 00002000[0m
[0;32mI (75) boot:  2 phy_init         RF data          01 01 00011000 00001000[0m
[0;32mI (81) boot:  3 factory          factory app      00 00 00020000 001e0000[0m
[0;32mI (88) boot: End of partition table[0m
[0;32mI (91) boot: Defaulting to factory image[0m
[0;32mI (95) esp_image: segment 0: paddr=00020020 vaddr=3c0b0020 size=1a420h (107552) map[0m
[0;32mI (128) esp_image: segment 1: paddr=0003a448 vaddr=3fca0e00 size=05bd0h ( 23504) load[0m
[0;32mI (135) esp_image: segment 2: paddr=00040020 vaddr=42000020 size=a3fcch (671692) map[0m
[0;32mI (300) esp_image: segment 3: paddr=000e3ff4 vaddr=3fca69d0 size=013e8h (  5096) load[0m
[0;32mI (302) esp_image: segment 4: paddr=000e53e4 vaddr=40378000 size=18d68h (101736) load[0m
[0;32mI (333) esp_image: segment 5: paddr=000fe154 vaddr=50000000 size=0001ch (    28) load[0m
[0;32mI (343) boot: Loaded app from partition at offset 0x20000[0m
[0;32mI (344) boot: Disabling RNG early entropy source...[0m
[0;32mI (354) octal_psram: vendor id    : 0x0d (AP)[0m
[0;32mI (354) octal_psram: dev id       : 0x02 (generation 3)[0m
[0;32mI (354) octal_psram: density      : 0x03 (64 Mbit)[0m
[0;32mI (356) octal_psram: good-die     : 0x01 (Pass)[0m
[0;32mI (360) octal_psram: Latency      : 0x01 (Fixed)[0m
[0;32mI (365) octal_psram: VCC          : 0x01 (3V)[0m
[0;32mI (369) octal_psram: SRF          : 0x01 (Fast Refresh)[0m
[0;32mI (374) octal_psram: BurstType    : 0x01 (Hybrid Wrap)[0m
[0;32mI (379) octal_psram: BurstLen     : 0x01 (32 Byte)[0m
[0;32mI (383) octal_psram: Readlatency  : 0x02 (10 cycles@Fixed)[0m
[0;32mI (388) octal_psram: DriveStrength: 0x00 (1/1)[0m
[0;32mI (393) MSPI Timing: PSRAM timing tuning index: 5[0m
[0;32mI (397) esp_psram: Found 8MB PSRAM device[0m
[0;32mI (401) esp_psram: Speed: 80MHz[0m
[0;32mI (404) cpu_start: Multicore app[0m
[0;32mI (697) esp_psram: SPI SRAM memory test OK[0m
[0;32mI (705) cpu_start: GPIO 44 and 43 are used as console UART I/O pins[0m
[0;32mI (706) cpu_start: Pro cpu start user code[0m
[0;32mI (706) cpu_start: cpu freq: 240000000 Hz[0m
[0;32mI (707) app_init: Application information:[0m
[0;32mI (711) app_init: Project name:     drivebot[0m
[0;32mI (715) app_init: App version:      7f5eb7f-dirty[0m
[0;32mI (720) app_init: Compile time:     Mar 30 2026 00:12:31[0m
[0;32mI (725) app_init: ELF file SHA256:  5b4784cd8...[0m
[0;32mI (729) app_init: ESP-IDF:          v5.4.3-904-gacd7b505de[0m
[0;32mI (734) efuse_init: Min chip rev:     v0.0[0m
[0;32mI (738) efuse_init: Max chip rev:     v0.99 [0m
[0;32mI (742) efuse_init: Chip rev:         v0.2[0m
[0;32mI (746) heap_init: Initializing. RAM available for dynamic allocation:[0m
[0;32mI (752) heap_init: At 3FCAC650 len 0003D0C0 (244 KiB): RAM[0m
[0;32mI (757) heap_init: At 3FCE9710 len 00005724 (21 KiB): RAM[0m
[0;32mI (762) heap_init: At 600FE000 len 00001FE8 (7 KiB): RTCRAM[0m
[0;32mI (768) esp_psram: Adding pool of 8192K of PSRAM memory to heap allocator[0m
[0;32mI (775) spi_flash: detected chip: boya[0m
[0;32mI (778) spi_flash: flash io: dio[0m
[0;32mI (781) sleep_gpio: Configure to isolate all GPIO pins in sleep state[0m
[0;32mI (787) sleep_gpio: Enable automatic switching of GPIO sleep configuration[0m
[0;32mI (794) coexist: coex firmware version: 7260f71[0m
[0;32mI (798) coexist: coexist rom version e7ae62f[0m
[0;32mI (802) main_task: Started on CPU0[0m
[0;32mI (822) esp_psram: Reserving pool of 128K of internal memory for DMA/internal allocations[0m
[0;32mI (822) main_task: Calling app_main()[0m


=== 🛠 DRIVEBOT WITH CAMERA ===

[0;32mI (832) gpio: GPIO[2]| InputEn: 0| OutputEn: 0| OpenDrain: 0| Pullup: 1| Pulldown: 0| Intr:0 [0m
[0;32mI (832) gpio: GPIO[1]| InputEn: 0| OutputEn: 0| OpenDrain: 0| Pullup: 1| Pulldown: 0| Intr:0 [0m
[0;32mI (842) gpio: GPIO[4]| InputEn: 0| OutputEn: 0| OpenDrain: 0| Pullup: 1| Pulldown: 0| Intr:0 [0m
[0;32mI (852) gpio: GPIO[5]| InputEn: 0| OutputEn: 0| OpenDrain: 0| Pullup: 1| Pulldown: 0| Intr:0 [0m
[0;32mI (862) gpio: GPIO[16]| InputEn: 0| OutputEn: 0| OpenDrain: 0| Pullup: 1| Pulldown: 0| Intr:0 [0m
[0;32mI (872) gpio: GPIO[17]| InputEn: 0| OutputEn: 0| OpenDrain: 0| Pullup: 1| Pulldown: 0| Intr:0 [0m
[0;32mI (872) gpio: GPIO[18]| InputEn: 0| OutputEn: 0| OpenDrain: 0| Pullup: 1| Pulldown: 0| Intr:0 [0m
[0;32mI (882) BLE_MGR: Initializing NimBLE BLE stack[0m
[0;32mI (892) BLE_INIT: BT controller compile version [1bb2f50][0m
[0;32mI (892) BLE_INIT: Using main XTAL as clock source[0m
[0;32mI (902) BLE_INIT: Feature Config, ADV:1, BLE_50:1, DTM:1, SCAN:1, CCA:0, SMP:1, CONNECT:1[0m
[0;32mI (902) BLE_INIT: Bluetooth MAC: ac:a7:04:26:07:32[0m
[0;32mI (912) phy_init: phy_version 711,97bcf0a2,Aug 25 2025,19:04:10[0m
[0;32mI (952) BLE_MGR: BLE Host Task Started[0m
[0;32mI (952) BLE_MGR: Service registered: 0x1800[0m
[0;32mI (952) BLE_MGR: Characteristic registered: 0x2a00[0m
[0;32mI (952) BLE_MGR: Characteristic registered: 0x2a01[0m
[0;32mI (952) BLE_MGR: Service registered: 0x1801[0m
[0;32mI (962) BLE_MGR: Characteristic registered: 0x2a05[0m
[0;32mI (962) BLE_MGR: Characteristic registered: 0x2b3a[0m
[0;32mI (972) BLE_MGR: Characteristic registered: 0x2b29[0m
[0;32mI (972) BLE_MGR: Service registered: 0xffe0[0m
[0;32mI (982) BLE_MGR: Characteristic registered: 0xffe1[0m
[0;32mI (982) NimBLE: GAP procedure initiated: stop advertising.[0m

[0;32mI (992) BLE_MGR: 🔄 Starting advertising...[0m
[0;32mI (992) NimBLE: GAP procedure initiated: advertise; [0m
[0;32mI (992) NimBLE: disc_mode=2[0m
[0;32mI (1002) NimBLE:  adv_channel_map=0 own_addr_type=0 adv_filter_policy=0 adv_itvl_min=800 adv_itvl_max=1600[0m
[0;32mI (1012) NimBLE: [0m

[0;32mI (1012) BLE_MGR: ✅ Advertising started[0m
[0;32mI (1012) BLE_MGR: BLE initialized successfully[0m
[0;32mI (1022) WIFI_MGR: 🚀 Запуск WiFi точки доступа: DriveBot_CAM (без пароля)[0m
[0;32mI (1032) pp: pp rom version: e7ae62f[0m
[0;32mI (1032) net80211: net80211 rom version: e7ae62f[0m
[0;32mI (1042) wifi:wifi driver task: 3fce657c, prio:23, stack:3584, core=0[0m
[0;32mI (1042) wifi:wifi firmware version: 562b41f[0m
[0;32mI (1052) wifi:wifi certification version: v7.0[0m
[0;32mI (1052) wifi:config NVS flash: enabled[0m
[0;32mI (1052) wifi:config nano formatting: disabled[0m
[0;32mI (1062) wifi:Init data frame dynamic rx buffer num: 64[0m
[0;32mI (1062) wifi:Init static rx mgmt buffer num: 5[0m
[0;32mI (1062) wifi:Init management short buffer num: 32[0m
[0;32mI (1072) wifi:Init static tx buffer num: 32[0m
[0;32mI (1072) wifi:Init tx cache buffer num: 32[0m
[0;32mI (1082) wifi:Init static tx FG buffer num: 2[0m
[0;32mI (1082) wifi:Init static rx buffer size: 1600[0m
[0;32mI (1082) wifi:Init static rx buffer num: 16[0m
[0;32mI (1092) wifi:Init dynamic rx buffer num: 64[0m
[0;32mI (1092) wifi_init: rx ba win: 16[0m
[0;32mI (1102) wifi_init: accept mbox: 6[0m
[0;32mI (1102) wifi_init: tcpip mbox: 32[0m
[0;32mI (1102) wifi_init: udp mbox: 6[0m
[0;32mI (1102) wifi_init: tcp mbox: 6[0m
[0;32mI (1112) wifi_init: tcp tx win: 32768[0m
[0;32mI (1112) wifi_init: tcp rx win: 32768[0m
[0;32mI (1112) wifi_init: tcp mss: 1440[0m
[0;32mI (1122) wifi_init: WiFi/LWIP prefer SPIRAM[0m
[0;32mI (1122) wifi_init: WiFi IRAM OP enabled[0m
[0;32mI (1132) wifi_init: WiFi RX IRAM OP enabled[0m
[0;32mI (1132) wifi:mode : softAP (ac:a7:04:26:07:31)[0m
[0;32mI (1142) wifi:Total power save buffer number: 16[0m
[0;32mI (1142) wifi:Init max length of beacon: 752/752[0m
[0;32mI (1142) wifi:Init max length of beacon: 752/752[0m
[0;32mI (1152) WIFI_MGR: ✅ WiFi точка доступа запущена: DriveBot_CAM[0m
[0;32mI (1152) esp_netif_lwip: DHCP server started on interface WIFI_AP_DEF with IP: 192.168.4.1[0m
[0;32mI (1162) WIFI_MGR: 📡 IP адрес ESP32: 192.168.4.1[0m
[0;32mI (1172) WIFI_MGR: 📡 Видеопоток: http://192.168.4.1:81/stream[0m
[0;32mI (1172) WIFI_MGR: 📡 Максимум клиентов: 1 (только телефон)[0m
[0;32mI (1182) DRIVEBOT_MAIN: ✅ UDP командный сервер запущен на порту 8080[0m
[0;32mI (1192) DRIVEBOT_MAIN: ✅ HTTP сервер запущен на порту 81[0m
[0;32mI (1202) DRIVEBOT_MAIN: Камера будет запущена при первом подключении клиента[0m
[0;32mI (1212) DRIVEBOT_MAIN: === СИСТЕМА ГОТОВА ===[0m
[0;32mI (1212) DRIVEBOT_MAIN: 🎮 UDP команды: порт 8080[0m
[0;32mI (1222) DRIVEBOT_MAIN: 🎥 HTTP видео: http://192.168.4.1:81/stream[0m
[0;32mI (1232) DRIVEBOT_MAIN: 📡 WiFi: DriveBot_CAM, IP: 192.168.4.1[0m
[0;32mI (1232) DRIVEBOT_MAIN: 🔵 BLE: DriveBot[0m
[0;32mI (12712) wifi:new:<1,0>, old:<1,1>, ap:<1,1>, sta:<255,255>, prof:1, snd_ch_cfg:0x0[0m
[0;32mI (12712) wifi:station: 32:44:eb:48:e5:38 join, AID=1, bgn, 20[0m
[0;32mI (12722) wifi:Set ps type: 0, coexist: 1[0m

[0;32mI (12722) wifi:Coexist!!! Wi-Fi station would only keep waked when available[0m

[0;32mI (12732) WIFI_MGR: 📱 Телефон подключен по WiFi[0m
[0;32mI (12732) WIFI_MGR: 📡 Видеопоток: http://192.168.4.1:81/stream[0m
[0;32mI (12852) wifi:<ba-add>idx:2 (ifx:1, 32:44:eb:48:e5:38), tid:0, ssn:0, winSize:64[0m
[0;32mI (12962) esp_netif_lwip: DHCP server assigned IP to a client, IP is: 192.168.4.2[0m
[0;32mI (24832) DRIVEBOT_MAIN: 📷 Принудительный запуск камеры[0m
[0;32mI (24832) CAM_SRV: Инициализация камеры с параметрами SVGA, качество 10, XCLK 20MHz[0m
[0;32mI (24832) CAM_SRV: 🚀 Инициализация камеры...[0m
[0;32mI (24842) CAM_OV2640: 🚀 Инициализация OV2640...[0m
[0;32mI (24842) CAM_OV2640: XCLK частота: 20000000 Hz[0m
[0;32mI (24852) CAM_OV2640: Настройка памяти: location=PSRAM, buffers=1[0m
[0;32mI (24862) s3 ll_cam: DMA Channel=0[0m
[0;32mI (24862) cam_hal: cam init ok[0m
[0;32mI (24862) sccb-ng: pin_sda 4 pin_scl 5[0m
[0;32mI (24872) sccb-ng: sccb_i2c_port=1[0m
[0;32mI (24882) camera: Camera PID=0x26 VER=0x42 MIDL=0x7f MIDH=0xa2[0m
[0;32mI (24882) camera: Detected OV2640 camera[0m
[0;32mI (24882) camera: Detected camera at address=0x30[0m
[0;32mI (24952) cam_hal: PSRAM DMA mode enabled[0m
[0;32mI (24952) cam_hal: buffer_size: 96000, half_buffer_size: 1024, node_buffer_size: 1024, node_cnt: 93, total_cnt: 94[0m
[0;32mI (24952) cam_hal: Allocating 97040 Byte frame buffer in PSRAM[0m
[0;32mI (24962) cam_hal: Frame[0]: Offset: 16, Addr: 0x3C0E1860[0m
[0;32mI (24962) cam_hal: cam config ok[0m
[0;32mI (24962) ov2640: Set PLL: clk_2x: 0, clk_div: 0, pclk_auto: 0, pclk_div: 8[0m
[0;32mI (25052) CAM_OV2640: ✅ Сенсор OV2640 настроен (быстрый старт)[0m
[0;32mI (25052) CAM_OV2640: 🎬 Камера готова! Разрешение: 11, Качество: 10, FPS: 15[0m
cam_hal: NO-SOI - JPEG start marker missing
cam_hal: NO-SOI - JPEG start marker missing (PSRAM)
[0;32mI (25072) CAM_SRV: Установлен формат JPEG[0m
[0;32mI (25072) CAM_SRV: Прогрев камеры (3 кадра)...[0m
[0;32mI (25152) CAM_SRV: Прогрев 1: 20081 байт[0m
[0;32mI (25252) CAM_SRV: Прогрев 2: 20533 байт[0m
[0;32mI (25352) CAM_SRV: Прогрев 3: 20832 байт[0m
[0;32mI (25452) CAM_SRV: ✅ Камера запущена и работает[0m
[0;32mI (25452) DRIVEBOT_MAIN: 📹 Клиент запросил видеопоток[0m
cam_hal: NO-EOI - JPEG end marker missing
[0;32mI (34342) DRIVEBOT_MAIN: 📱 Получена UDP команда: RADIO_ON[0m
[0;32mI (34342) AUDIO_TRANSPORT: 📡 UDP Audio сервер (I2S отключено)[0m
[0;32mI (34342) AUDIO_TRANSPORT: 📥 Прием аудио: порт 8082 (Flutter->ESP)[0m
[0;32mI (34352) AUDIO_TRANSPORT: 📤 Отправка аудио: порт 8083 (ESP->Flutter)[0m
[0;32mI (34362) AUDIO_TRANSPORT: ✅ Audio UDP started[0m
[0;32mI (34362) AUDIO_TRANSPORT: 🎤 RX task started[0m
[0;32mI (34362) AUDIO_TRANSPORT: 🔊 TX task started[0m
[0;32mI (34362) AUDIO_TRANSPORT: 🎤 Recording enabled[0m
[0;32mI (36172) DRIVEBOT_MAIN: 📱 Получена UDP команда: RADIO_OFF[0m
[0;32mI (36172) AUDIO_TRANSPORT: 🔇 Recording disabled[0m
[0;32mI (36172) AUDIO_TRANSPORT: Stopping audio...[0m
[0;32mI (36182) AUDIO_TRANSPORT: RX task exited[0m
[0;32mI (36182) AUDIO_TRANSPORT: TX task exited[0m
[0;32mI (36322) AUDIO_TRANSPORT: Audio stopped[0m
[0;32mI (37572) DRIVEBOT_MAIN: 📱 Получена UDP команда: RADIO_ON[0m
[0;32mI (37572) AUDIO_TRANSPORT: 📡 UDP Audio сервер (I2S отключено)[0m
[0;32mI (37582) AUDIO_TRANSPORT: 📥 Прием аудио: порт 8082 (Flutter->ESP)[0m
[0;32mI (37582) AUDIO_TRANSPORT: 📤 Отправка аудио: порт 8083 (ESP->Flutter)[0m
[0;32mI (37592) AUDIO_TRANSPORT: ✅ Audio UDP started[0m
[0;32mI (37592) AUDIO_TRANSPORT: 🎤 RX task started[0m
[0;32mI (37592) AUDIO_TRANSPORT: 🔊 TX task started[0m
[0;32mI (37592) AUDIO_TRANSPORT: 🎤 Recording enabled[0m
[0;32mI (38482) DRIVEBOT_MAIN: 📱 Получена UDP команда: RADIO_OFF[0m
[0;32mI (38482) AUDIO_TRANSPORT: 🔇 Recording disabled[0m
[0;32mI (38482) AUDIO_TRANSPORT: Stopping audio...[0m
[0;32mI (38492) AUDIO_TRANSPORT: RX task exited[0m
[0;32mI (38492) AUDIO_TRANSPORT: TX task exited[0m
[0;32mI (38632) AUDIO_TRANSPORT: Audio stopped[0m
[0;32mI (44902) DRIVEBOT_MAIN: 📱 Получена UDP команда: RADIO_ON[0m
[0;32mI (44902) AUDIO_TRANSPORT: 📡 UDP Audio сервер (I2S отключено)[0m
[0;32mI (44912) AUDIO_TRANSPORT: 📥 Прием аудио: порт 8082 (Flutter->ESP)[0m
[0;32mI (44912) AUDIO_TRANSPORT: 📤 Отправка аудио: порт 8083 (ESP->Flutter)[0m
[0;32mI (44922) AUDIO_TRANSPORT: ✅ Audio UDP started[0m
[0;32mI (44922) AUDIO_TRANSPORT: 🎤 RX task started[0m
[0;32mI (44922) AUDIO_TRANSPORT: 🔊 TX task started[0m
[0;32mI (44932) AUDIO_TRANSPORT: 🎤 Recording enabled[0m
[0;32mI (45622) DRIVEBOT_MAIN: 📱 Получена UDP команда: RADIO_OFF[0m
[0;32mI (45622) AUDIO_TRANSPORT: 🔇 Recording disabled[0m
[0;32mI (45622) AUDIO_TRANSPORT: Stopping audio...[0m
[0;32mI (45632) AUDIO_TRANSPORT: RX task exited[0m
[0;32mI (45632) AUDIO_TRANSPORT: TX task exited[0m
[0;32mI (45782) AUDIO_TRANSPORT: Audio stopped[0m
[0;33mW (105642) httpd_txrx: httpd_sock_err: error in send : 104[0m
[0;33mW (105642) httpd_txrx: httpd_sock_err: error in send : 128[0m
[0;33mW (105642) httpd_txrx: httpd_sock_err: error in recv : 104[0m
[0;32mI (105642) DRIVEBOT_MAIN: 📸 Запрос фото (не используется)[0m
[0;33mW (105722) httpd_txrx: httpd_resp_send_err: 500 Internal Server Error - Not used[0m
[0;33mW (105722) httpd_uri: httpd_uri: uri handler execution failed[0m
[0;32mI (105722) DRIVEBOT_MAIN: 📸 Запрос фото (не используется)[0m
[0;33mW (105802) httpd_txrx: httpd_resp_send_err: 500 Internal Server Error - Not used[0m
[0;33mW (105802) httpd_uri: httpd_uri: uri handler execution failed[0m
[0;32mI (105802) DRIVEBOT_MAIN: 📸 Запрос фото (не используется)[0m
[0;33mW (105882) httpd_txrx: httpd_resp_send_err: 500 Internal Server Error - Not used[0m
[0;33mW (105882) httpd_uri: httpd_uri: uri handler execution failed[0m
[0;32mI (130272) DRIVEBOT_MAIN: 📷 Принудительный запуск камеры[0m
[0;32mI (132552) DRIVEBOT_MAIN: 📹 Клиент запросил видеопоток[0m
 ��ESP-ROM:esp32s3-20210327
Build:Mar 27 2021
rst:0xc (RTC_SW_CPU_RST),boot:0x2a (SPI_FAST_FLASH_BOOT)
Saved PC:0x403796e5
SPIWP:0xee
mode:DIO, clock div:2
load:0x3fce2810,len:0x1194
load:0x403c8700,len:0x4
load:0x403c8704,len:0xce0
load:0x403cb700,len:0x2d5c
entry 0x403c8910
[0;32mI (31) boot: ESP-IDF v5.4.3-904-gacd7b505de 2nd stage bootloader[0m
[0;32mI (31) boot: compile time Mar 30 2026 00:12:56[0m
[0;32mI (31) boot: Multicore bootloader[0m
[0;32mI (33) boot: chip revision: v0.2[0m
[0;32mI (36) boot: efuse block revision: v1.3[0m
[0;32mI (39) boot.esp32s3: Boot SPI Speed : 40MHz[0m
[0;32mI (43) boot.esp32s3: SPI Mode       : DIO[0m
[0;32mI (47) boot.esp32s3: SPI Flash Size : 16MB[0m
[0;32mI (51) boot: Enabling RNG early entropy source...[0m
[0;32mI (55) boot: Partition Table:[0m
[0;32mI (58) boot: ## Label            Usage          Type ST Offset   Length[0m
[0;32mI (64) boot:  0 nvs              WiFi data        01 02 00009000 00006000[0m
[0;32mI (71) boot:  1 otadata          OTA data         01 00 0000f000 00002000[0m
[0;32mI (77) boot:  2 phy_init         RF data          01 01 00011000 00001000[0m
[0;32mI (84) boot:  3 factory          factory app      00 00 00020000 001e0000[0m
[0;32mI (90) boot: End of partition table[0m
[0;32mI (94) boot: Defaulting to factory image[0m
[0;32mI (97) esp_image: segment 0: paddr=00020020 vaddr=3c0b0020 size=1a420h (107552) map[0m
[0;32mI (131) esp_image: segment 1: paddr=0003a448 vaddr=3fca0e00 size=05bd0h ( 23504) load[0m
[0;32mI (138) esp_image: segment 2: paddr=00040020 vaddr=42000020 size=a3fcch (671692) map[0m
[0;32mI (303) esp_image: segment 3: paddr=000e3ff4 vaddr=3fca69d0 size=013e8h (  5096) load[0m
[0;32mI (304) esp_image: segment 4: paddr=000e53e4 vaddr=40378000 size=18d68h (101736) load[0m
[0;32mI (336) esp_image: segment 5: paddr=000fe154 vaddr=50000000 size=0001ch (    28) load[0m
[0;32mI (346) boot: Loaded app from partition at offset 0x20000[0m
[0;32mI (346) boot: Disabling RNG early entropy source...[0m
[0;32mI (356) octal_psram: vendor id    : 0x0d (AP)[0m
[0;32mI (356) octal_psram: dev id       : 0x02 (generation 3)[0m
[0;32mI (357) octal_psram: density      : 0x03 (64 Mbit)[0m
[0;32mI (359) octal_psram: good-die     : 0x01 (Pass)[0m
[0;32mI (363) octal_psram: Latency      : 0x01 (Fixed)[0m
[0;32mI (367) octal_psram: VCC          : 0x01 (3V)[0m
[0;32mI (371) octal_psram: SRF          : 0x01 (Fast Refresh)[0m
[0;32mI (376) octal_psram: BurstType    : 0x01 (Hybrid Wrap)[0m
[0;32mI (381) octal_psram: BurstLen     : 0x01 (32 Byte)[0m
[0;32mI (386) octal_psram: Readlatency  : 0x02 (10 cycles@Fixed)[0m
[0;32mI (391) octal_psram: DriveStrength: 0x00 (1/1)[0m
[0;32mI (396) MSPI Timing: PSRAM timing tuning index: 5[0m
[0;32mI (399) esp_psram: Found 8MB PSRAM device[0m
[0;32mI (403) esp_psram: Speed: 80MHz[0m
[0;32mI (406) cpu_start: Multicore app[0m
[0;32mI (699) esp_psram: SPI SRAM memory test OK[0m
[0;32mI (708) cpu_start: GPIO 44 and 43 are used as console UART I/O pins[0m
[0;32mI (708) cpu_start: Pro cpu start user code[0m
[0;32mI (709) cpu_start: cpu freq: 240000000 Hz[0m
[0;32mI (710) app_init: Application information:[0m
[0;32mI (714) app_init: Project name:     drivebot[0m
[0;32mI (718) app_init: App version:      7f5eb7f-dirty[0m
[0;32mI (722) app_init: Compile time:     Mar 30 2026 00:12:31[0m
[0;32mI (727) app_init: ELF file SHA256:  5b4784cd8...[0m
[0;32mI (732) app_init: ESP-IDF:          v5.4.3-904-gacd7b505de[0m
[0;32mI (737) efuse_init: Min chip rev:     v0.0[0m
[0;32mI (741) efuse_init: Max chip rev:     v0.99 [0m
[0;32mI (745) efuse_init: Chip rev:         v0.2[0m
[0;32mI (749) heap_init: Initializing. RAM available for dynamic allocation:[0m
[0;32mI (755) heap_init: At 3FCAC650 len 0003D0C0 (244 KiB): RAM[0m
[0;32mI (760) heap_init: At 3FCE9710 len 00005724 (21 KiB): RAM[0m
[0;32mI (765) heap_init: At 600FE000 len 00001FE8 (7 KiB): RTCRAM[0m
[0;32mI (770) esp_psram: Adding pool of 8192K of PSRAM memory to heap allocator[0m
[0;32mI (778) spi_flash: detected chip: boya[0m
[0;32mI (780) spi_flash: flash io: dio[0m
[0;32mI (784) sleep_gpio: Configure to isolate all GPIO pins in sleep state[0m
[0;32mI (790) sleep_gpio: Enable automatic switching of GPIO sleep configuration[0m
[0;32mI (796) coexist: coex firmware version: 7260f71[0m
[0;32mI (800) coexist: coexist rom version e7ae62f[0m
[0;32mI (805) main_task: Started on CPU0[0m
[0;32mI (825) esp_psram: Reserving pool of 128K of internal memory for DMA/internal allocations[0m
[0;32mI (825) main_task: Calling app_main()[0m


=== 🛠 DRIVEBOT WITH CAMERA ===

[0;32mI (835) gpio: GPIO[2]| InputEn: 0| OutputEn: 0| OpenDrain: 0| Pullup: 1| Pulldown: 0| Intr:0 [0m
[0;32mI (835) gpio: GPIO[1]| InputEn: 0| OutputEn: 0| OpenDrain: 0| Pullup: 1| Pulldown: 0| Intr:0 [0m
[0;32mI (845) gpio: GPIO[4]| InputEn: 0| OutputEn: 0| OpenDrain: 0| Pullup: 1| Pulldown: 0| Intr:0 [0m
[0;32mI (855) gpio: GPIO[5]| InputEn: 0| OutputEn: 0| OpenDrain: 0| Pullup: 1| Pulldown: 0| Intr:0 [0m
[0;32mI (865) gpio: GPIO[16]| InputEn: 0| OutputEn: 0| OpenDrain: 0| Pullup: 1| Pulldown: 0| Intr:0 [0m
[0;32mI (875) gpio: GPIO[17]| InputEn: 0| OutputEn: 0| OpenDrain: 0| Pullup: 1| Pulldown: 0| Intr:0 [0m
[0;32mI (875) gpio: GPIO[18]| InputEn: 0| OutputEn: 0| OpenDrain: 0| Pullup: 1| Pulldown: 0| Intr:0 [0m
[0;32mI (885) BLE_MGR: Initializing NimBLE BLE stack[0m
[0;32mI (895) BLE_INIT: BT controller compile version [1bb2f50][0m
[0;32mI (895) BLE_INIT: Using main XTAL as clock source[0m
[0;32mI (905) BLE_INIT: Feature Config, ADV:1, BLE_50:1, DTM:1, SCAN:1, CCA:0, SMP:1, CONNECT:1[0m
[0;32mI (905) BLE_INIT: Bluetooth MAC: ac:a7:04:26:07:32[0m
[0;32mI (915) phy_init: phy_version 711,97bcf0a2,Aug 25 2025,19:04:10[0m
[0;32mI (955) BLE_MGR: BLE Host Task Started[0m
[0;32mI (955) BLE_MGR: Service registered: 0x1800[0m
[0;32mI (955) BLE_MGR: Characteristic registered: 0x2a00[0m
[0;32mI (955) BLE_MGR: Characteristic registered: 0x2a01[0m
[0;32mI (965) BLE_MGR: Service registered: 0x1801[0m
[0;32mI (965) BLE_MGR: Characteristic registered: 0x2a05[0m
[0;32mI (965) BLE_MGR: Characteristic registered: 0x2b3a[0m
[0;32mI (975) BLE_MGR: Characteristic registered: 0x2b29[0m
[0;32mI (975) BLE_MGR: Service registered: 0xffe0[0m
[0;32mI (985) BLE_MGR: Characteristic registered: 0xffe1[0m
[0;32mI (985) NimBLE: GAP procedure initiated: stop advertising.[0m

[0;32mI (995) BLE_MGR: 🔄 Starting advertising...[0m
[0;32mI (995) NimBLE: GAP procedure initiated: advertise; [0m
[0;32mI (1005) NimBLE: disc_mode=2[0m
[0;32mI (1005) NimBLE:  adv_channel_map=0 own_addr_type=0 adv_filter_policy=0 adv_itvl_min=800 adv_itvl_max=1600[0m
[0;32mI (1015) NimBLE: [0m

[0;32mI (1015) BLE_MGR: ✅ Advertising started[0m
[0;32mI (1015) BLE_MGR: BLE initialized successfully[0m
[0;32mI (1025) WIFI_MGR: 🚀 Запуск WiFi точки доступа: DriveBot_CAM (без пароля)[0m
[0;32mI (1035) pp: pp rom version: e7ae62f[0m
[0;32mI (1035) net80211: net80211 rom version: e7ae62f[0m
[0;32mI (1045) wifi:wifi driver task: 3fce657c, prio:23, stack:3584, core=0[0m
[0;32mI (1055) wifi:wifi firmware version: 562b41f[0m
[0;32mI (1055) wifi:wifi certification version: v7.0[0m
[0;32mI (1055) wifi:config NVS flash: enabled[0m
[0;32mI (1055) wifi:config nano formatting: disabled[0m
[0;32mI (1065) wifi:Init data frame dynamic rx buffer num: 64[0m
[0;32mI (1065) wifi:Init static rx mgmt buffer num: 5[0m
[0;32mI (1065) wifi:Init management short buffer num: 32[0m
[0;32mI (1075) wifi:Init static tx buffer num: 32[0m
[0;32mI (1075) wifi:Init tx cache buffer num: 32[0m
[0;32mI (1085) wifi:Init static tx FG buffer num: 2[0m
[0;32mI (1085) wifi:Init static rx buffer size: 1600[0m
[0;32mI (1095) wifi:Init static rx buffer num: 16[0m
[0;32mI (1095) wifi:Init dynamic rx buffer num: 64[0m
[0;32mI (1095) wifi_init: rx ba win: 16[0m
[0;32mI (1105) wifi_init: accept mbox: 6[0m
[0;32mI (1105) wifi_init: tcpip mbox: 32[0m
[0;32mI (1105) wifi_init: udp mbox: 6[0m
[0;32mI (1115) wifi_init: tcp mbox: 6[0m
[0;32mI (1115) wifi_init: tcp tx win: 32768[0m
[0;32mI (1115) wifi_init: tcp rx win: 32768[0m
[0;32mI (1115) wifi_init: tcp mss: 1440[0m
[0;32mI (1125) wifi_init: WiFi/LWIP prefer SPIRAM[0m
[0;32mI (1125) wifi_init: WiFi IRAM OP enabled[0m
[0;32mI (1135) wifi_init: WiFi RX IRAM OP enabled[0m
[0;32mI (1135) wifi:mode : softAP (ac:a7:04:26:07:31)[0m
[0;32mI (1145) wifi:Total power save buffer number: 16[0m
[0;32mI (1145) wifi:Init max length of beacon: 752/752[0m
[0;32mI (1145) wifi:Init max length of beacon: 752/752[0m
[0;32mI (1155) WIFI_MGR: ✅ WiFi точка доступа запущена: DriveBot_CAM[0m
[0;32mI (1155) esp_netif_lwip: DHCP server started on interface WIFI_AP_DEF with IP: 192.168.4.1[0m
[0;32mI (1165) WIFI_MGR: 📡 IP адрес ESP32: 192.168.4.1[0m
[0;32mI (1175) WIFI_MGR: 📡 Видеопоток: http://192.168.4.1:81/stream[0m
[0;32mI (1175) WIFI_MGR: 📡 Максимум клиентов: 1 (только телефон)[0m
[0;32mI (1185) DRIVEBOT_MAIN: ✅ UDP командный сервер запущен на порту 8080[0m
[0;32mI (1195) DRIVEBOT_MAIN: ✅ HTTP сервер запущен на порту 81[0m
[0;32mI (1205) DRIVEBOT_MAIN: Камера будет запущена при первом подключении клиента[0m
[0;32mI (1215) DRIVEBOT_MAIN: === СИСТЕМА ГОТОВА ===[0m
[0;32mI (1215) DRIVEBOT_MAIN: 🎮 UDP команды: порт 8080[0m
[0;32mI (1225) DRIVEBOT_MAIN: 🎥 HTTP видео: http://192.168.4.1:81/stream[0m
[0;32mI (1235) DRIVEBOT_MAIN: 📡 WiFi: DriveBot_CAM, IP: 192.168.4.1[0m
[0;32mI (1235) DRIVEBOT_MAIN: 🔵 BLE: DriveBot[0m
[0;32mI (3355) wifi:new:<1,0>, old:<1,1>, ap:<1,1>, sta:<255,255>, prof:1, snd_ch_cfg:0x0[0m
[0;32mI (3365) wifi:station: 32:44:eb:48:e5:38 join, AID=1, bgn, 20[0m
[0;32mI (3365) wifi:Set ps type: 0, coexist: 1[0m

[0;32mI (3365) wifi:Coexist!!! Wi-Fi station would only keep waked when available[0m

[0;32mI (3375) WIFI_MGR: 📱 Телефон подключен по WiFi[0m
[0;32mI (3375) WIFI_MGR: 📡 Видеопоток: http://192.168.4.1:81/stream[0m
[0;32mI (3515) wifi:<ba-add>idx:2 (ifx:1, 32:44:eb:48:e5:38), tid:0, ssn:0, winSize:64[0m
[0;32mI (3555) esp_netif_lwip: DHCP server assigned IP to a client, IP is: 192.168.4.2[0m
