x[Z��ESP-ROM:esp32s3-20210327
Build:Mar 27 2021
rst:0x1 (POWERON),boot:0x2a (SPI_FAST_FLASH_BOOT)
SPIWP:0xee
mode:DIO, clock div:2
load:0x3fce2810,len:0x1194
load:0x403c8700,len:0x4
load:0x403c8704,len:0xce0
load:0x403cb700,len:0x2d5c
entry 0x403c8910
[0;32mI (29) boot: ESP-IDF v5.4.3-904-gacd7b505de 2nd stage bootloader[0m
[0;32mI (29) boot: compile time Mar 25 2026 12:17:04[0m
[0;32mI (29) boot: Multicore bootloader[0m
[0;32mI (30) boot: chip revision: v0.2[0m
[0;32mI (33) boot: efuse block revision: v1.3[0m
[0;32mI (37) boot.esp32s3: Boot SPI Speed : 40MHz[0m
[0;32mI (41) boot.esp32s3: SPI Mode       : DIO[0m
[0;32mI (44) boot.esp32s3: SPI Flash Size : 16MB[0m
[0;32mI (48) boot: Enabling RNG early entropy source...[0m
[0;32mI (53) boot: Partition Table:[0m
[0;32mI (55) boot: ## Label            Usage          Type ST Offset   Length[0m
[0;32mI (62) boot:  0 nvs              WiFi data        01 02 00009000 00006000[0m
[0;32mI (68) boot:  1 otadata          OTA data         01 00 0000f000 00002000[0m
[0;32mI (75) boot:  2 phy_init         RF data          01 01 00011000 00001000[0m
[0;32mI (81) boot:  3 factory          factory app      00 00 00020000 001e0000[0m
[0;32mI (88) boot: End of partition table[0m
[0;32mI (91) boot: Defaulting to factory image[0m
[0;32mI (95) esp_image: segment 0: paddr=00020020 vaddr=3c0a0020 size=16468h ( 91240) map[0m
[0;32mI (124) esp_image: segment 1: paddr=00036490 vaddr=3fca0800 size=04b48h ( 19272) load[0m
[0;32mI (130) esp_image: segment 2: paddr=0003afe0 vaddr=40378000 size=05038h ( 20536) load[0m
[0;32mI (136) esp_image: segment 3: paddr=00040020 vaddr=42000020 size=96234h (614964) map[0m
[0;32mI (287) esp_image: segment 4: paddr=000d625c vaddr=4037d038 size=137a0h ( 79776) load[0m
[0;32mI (310) esp_image: segment 5: paddr=000e9a04 vaddr=50000000 size=0001ch (    28) load[0m
[0;32mI (320) boot: Loaded app from partition at offset 0x20000[0m
[0;32mI (320) boot: Disabling RNG early entropy source...[0m
[0;32mI (331) octal_psram: vendor id    : 0x0d (AP)[0m
[0;32mI (331) octal_psram: dev id       : 0x02 (generation 3)[0m
[0;32mI (331) octal_psram: density      : 0x03 (64 Mbit)[0m
[0;32mI (333) octal_psram: good-die     : 0x01 (Pass)[0m
[0;32mI (337) octal_psram: Latency      : 0x01 (Fixed)[0m
[0;32mI (342) octal_psram: VCC          : 0x01 (3V)[0m
[0;32mI (346) octal_psram: SRF          : 0x01 (Fast Refresh)[0m
[0;32mI (351) octal_psram: BurstType    : 0x01 (Hybrid Wrap)[0m
[0;32mI (355) octal_psram: BurstLen     : 0x01 (32 Byte)[0m
[0;32mI (360) octal_psram: Readlatency  : 0x02 (10 cycles@Fixed)[0m
[0;32mI (365) octal_psram: DriveStrength: 0x00 (1/1)[0m
[0;32mI (370) MSPI Timing: PSRAM timing tuning index: 5[0m
[0;32mI (374) esp_psram: Found 8MB PSRAM device[0m
[0;32mI (377) esp_psram: Speed: 80MHz[0m
[0;32mI (380) cpu_start: Multicore app[0m
[0;32mI (673) esp_psram: SPI SRAM memory test OK[0m
[0;32mI (682) cpu_start: GPIO 44 and 43 are used as console UART I/O pins[0m
[0;32mI (683) cpu_start: Pro cpu start user code[0m
[0;32mI (683) cpu_start: cpu freq: 240000000 Hz[0m
[0;32mI (684) app_init: Application information:[0m
[0;32mI (688) app_init: Project name:     drivebot[0m
[0;32mI (692) app_init: App version:      d7bd404-dirty[0m
[0;32mI (696) app_init: Compile time:     Mar 25 2026 13:02:08[0m
[0;32mI (701) app_init: ELF file SHA256:  786406af9...[0m
[0;32mI (706) app_init: ESP-IDF:          v5.4.3-904-gacd7b505de[0m
[0;32mI (711) efuse_init: Min chip rev:     v0.0[0m
[0;32mI (715) efuse_init: Max chip rev:     v0.99 [0m
[0;32mI (719) efuse_init: Chip rev:         v0.2[0m
[0;32mI (723) heap_init: Initializing. RAM available for dynamic allocation:[0m
[0;32mI (729) heap_init: At 3FCA92F8 len 00040418 (257 KiB): RAM[0m
[0;32mI (734) heap_init: At 3FCE9710 len 00005724 (21 KiB): RAM[0m
[0;32mI (739) heap_init: At 600FE000 len 00001FE8 (7 KiB): RTCRAM[0m
[0;32mI (745) esp_psram: Adding pool of 8192K of PSRAM memory to heap allocator[0m
[0;32mI (752) spi_flash: detected chip: boya[0m
[0;32mI (755) spi_flash: flash io: dio[0m
[0;32mI (758) sleep_gpio: Configure to isolate all GPIO pins in sleep state[0m
[0;32mI (764) sleep_gpio: Enable automatic switching of GPIO sleep configuration[0m
[0;32mI (771) coexist: coex firmware version: 7260f71[0m
[0;32mI (775) coexist: coexist rom version e7ae62f[0m
[0;32mI (779) main_task: Started on CPU0[0m
[0;32mI (799) esp_psram: Reserving pool of 128K of internal memory for DMA/internal allocations[0m
[0;32mI (799) main_task: Calling app_main()[0m


=== 🛠 DRIVEBOT WITH CAMERA ===

[0;32mI (809) DRIVEBOT_MAIN: Free PSRAM: 8189 KB[0m
[0;32mI (809) gpio: GPIO[2]| InputEn: 0| OutputEn: 0| OpenDrain: 0| Pullup: 1| Pulldown: 0| Intr:0 [0m
[0;32mI (819) gpio: GPIO[1]| InputEn: 0| OutputEn: 0| OpenDrain: 0| Pullup: 1| Pulldown: 0| Intr:0 [0m
[0;32mI (819) gpio: GPIO[4]| InputEn: 0| OutputEn: 0| OpenDrain: 0| Pullup: 1| Pulldown: 0| Intr:0 [0m
[0;32mI (829) gpio: GPIO[5]| InputEn: 0| OutputEn: 0| OpenDrain: 0| Pullup: 1| Pulldown: 0| Intr:0 [0m
[0;32mI (839) gpio: GPIO[16]| InputEn: 0| OutputEn: 0| OpenDrain: 0| Pullup: 1| Pulldown: 0| Intr:0 [0m
[0;32mI (849) gpio: GPIO[17]| InputEn: 0| OutputEn: 0| OpenDrain: 0| Pullup: 1| Pulldown: 0| Intr:0 [0m
[0;32mI (859) gpio: GPIO[18]| InputEn: 0| OutputEn: 0| OpenDrain: 0| Pullup: 1| Pulldown: 0| Intr:0 [0m
[0;32mI (869) BLE_MGR: Initializing NimBLE BLE stack[0m
[0;32mI (869) BLE_INIT: BT controller compile version [1bb2f50][0m
[0;32mI (869) BLE_INIT: Using main XTAL as clock source[0m
[0;32mI (879) BLE_INIT: Feature Config, ADV:1, BLE_50:1, DTM:1, SCAN:1, CCA:0, SMP:1, CONNECT:1[0m
[0;32mI (889) BLE_INIT: Bluetooth MAC: ac:a7:04:26:07:32[0m
[0;32mI (889) phy_init: phy_version 711,97bcf0a2,Aug 25 2025,19:04:10[0m
[0;32mI (939) BLE_MGR: BLE Host Task Started[0m
[0;32mI (939) BLE_MGR: Service registered: 0x1800[0m
[0;32mI (939) BLE_MGR: Characteristic registered: 0x2a00[0m
[0;32mI (939) BLE_MGR: Characteristic registered: 0x2a01[0m
[0;32mI (939) BLE_MGR: Service registered: 0x1801[0m
[0;32mI (949) BLE_MGR: Characteristic registered: 0x2a05[0m
[0;32mI (949) BLE_MGR: Characteristic registered: 0x2b3a[0m
[0;32mI (959) BLE_MGR: Characteristic registered: 0x2b29[0m
[0;32mI (959) BLE_MGR: Service registered: 0xffe0[0m
[0;32mI (959) BLE_MGR: Characteristic registered: 0xffe1[0m
[0;32mI (969) NimBLE: GAP procedure initiated: stop advertising.[0m

[0;32mI (969) BLE_MGR: 🔄 Starting advertising...[0m
[0;32mI (979) NimBLE: GAP procedure initiated: advertise; [0m
[0;32mI (979) NimBLE: disc_mode=2[0m
[0;32mI (989) NimBLE:  adv_channel_map=0 own_addr_type=0 adv_filter_policy=0 adv_itvl_min=800 adv_itvl_max=1600[0m
[0;32mI (989) NimBLE: [0m

[0;32mI (999) BLE_MGR: ✅ Advertising started[0m
[0;32mI (999) BLE_MGR: BLE initialized successfully[0m
[0;32mI (999) WIFI_MGR: 🚀 Запуск WiFi точки доступа: DriveBot_CAM (без пароля)[0m
[0;32mI (1019) pp: pp rom version: e7ae62f[0m
[0;32mI (1019) net80211: net80211 rom version: e7ae62f[0m
[0;32mI (1029) wifi:wifi driver task: 3fce315c, prio:23, stack:3584, core=0[0m
[0;32mI (1029) wifi:wifi firmware version: 562b41f[0m
[0;32mI (1029) wifi:wifi certification version: v7.0[0m
[0;32mI (1039) wifi:config NVS flash: enabled[0m
[0;32mI (1039) wifi:config nano formatting: disabled[0m
[0;32mI (1039) wifi:Init data frame dynamic rx buffer num: 64[0m
[0;32mI (1049) wifi:Init static rx mgmt buffer num: 5[0m
[0;32mI (1049) wifi:Init management short buffer num: 32[0m
[0;32mI (1059) wifi:Init static tx buffer num: 16[0m
[0;32mI (1059) wifi:Init tx cache buffer num: 32[0m
[0;32mI (1059) wifi:Init static tx FG buffer num: 2[0m
[0;32mI (1069) wifi:Init static rx buffer size: 1600[0m
[0;32mI (1069) wifi:Init static rx buffer num: 16[0m
[0;32mI (1079) wifi:Init dynamic rx buffer num: 64[0m
[0;32mI (1079) wifi_init: rx ba win: 16[0m
[0;32mI (1079) wifi_init: accept mbox: 6[0m
[0;32mI (1089) wifi_init: tcpip mbox: 32[0m
[0;32mI (1089) wifi_init: udp mbox: 6[0m
[0;32mI (1089) wifi_init: tcp mbox: 6[0m
[0;32mI (1099) wifi_init: tcp tx win: 5760[0m
[0;32mI (1099) wifi_init: tcp rx win: 5760[0m
[0;32mI (1099) wifi_init: tcp mss: 1440[0m
[0;32mI (1109) wifi_init: WiFi/LWIP prefer SPIRAM[0m
[0;32mI (1109) wifi_init: WiFi IRAM OP enabled[0m
[0;32mI (1109) wifi_init: WiFi RX IRAM OP enabled[0m
[0;32mI (1119) wifi:mode : softAP (ac:a7:04:26:07:31)[0m
[0;32mI (1119) wifi:Total power save buffer number: 8[0m
[0;32mI (1129) wifi:Init max length of beacon: 752/752[0m
[0;32mI (1129) wifi:Init max length of beacon: 752/752[0m
[0;32mI (1139) WIFI_MGR: ✅ WiFi точка доступа запущена: DriveBot_CAM[0m
[0;32mI (1139) esp_netif_lwip: DHCP server started on interface WIFI_AP_DEF with IP: 192.168.4.1[0m
[0;32mI (1149) WIFI_MGR: 📡 IP адрес ESP32: 192.168.4.1[0m
[0;32mI (1149) WIFI_MGR: 📡 Видеопоток: http://192.168.4.1:81/stream[0m
[0;32mI (1159) WIFI_MGR: 📡 Максимум клиентов: 1 (только телефон)[0m
[0;32mI (1169) DRIVEBOT_MAIN: ✅ UDP командный сервер запущен на порту 8080[0m
[0;32mI (1179) DRIVEBOT_MAIN: ✅ HTTP сервер запущен на порту 81[0m
[0;32mI (1179) DRIVEBOT_MAIN: 📡 Видеопоток: http://192.168.4.1:81/stream[0m
[0;32mI (1189) DRIVEBOT_MAIN: 📸 Фото: http://192.168.4.1:81/capture[0m
[0;32mI (1199) DRIVEBOT_MAIN: ▶️ /start: http://192.168.4.1:81/start[0m
[0;32mI (1199) DRIVEBOT_MAIN: === СИСТЕМА ГОТОВА ===[0m
[0;32mI (1209) DRIVEBOT_MAIN: 🎮 UDP команды: порт 8080[0m
[0;32mI (1209) DRIVEBOT_MAIN: 🎥 HTTP видео: http://192.168.4.1:81/stream[0m
[0;32mI (1219) DRIVEBOT_MAIN: 📸 HTTP фото: http://192.168.4.1:81/capture[0m
[0;32mI (1229) DRIVEBOT_MAIN: 📡 WiFi: DriveBot_CAM, IP: 192.168.4.1[0m
[0;32mI (1229) DRIVEBOT_MAIN: 🔵 BLE: DriveBot[0m
[0;32mI (1239) DRIVEBOT_MAIN: 📷 Камера запустится автоматически при подключении телефона[0m
